"Wed Aug 19 2015 11:55:00 GMT-0700 (Pacific Daylight Time)" 
