"Mon Sep 14 2015 16:16:00 GMT-0700 (Pacific Daylight Time)" 
