"Fri Nov 27 2015 15:42:00 GMT-0800 (Pacific Standard Time)" 
