"Mon Nov 02 2015 14:01:00 GMT-0800 (Pacific Standard Time)" 
