"Sat Aug 22 2015 15:51:00 GMT-0700 (Pacific Daylight Time)" 
