"Fri Dec 04 2015 06:12:00 GMT-0800 (Pacific Standard Time)" 
