"Mon Sep 07 2015 07:01:00 GMT-0700 (Pacific Daylight Time)" 
