"Fri Dec 18 2015 23:34:00 GMT-0800 (Pacific Standard Time)" 
